mode: set
github.com/lemonc7/zest/bind.go:21.45,22.55 1 1
github.com/lemonc7/zest/bind.go:22.55,24.3 1 0
github.com/lemonc7/zest/bind.go:26.2,29.29 2 1
github.com/lemonc7/zest/bind.go:29.29,30.57 1 1
github.com/lemonc7/zest/bind.go:30.57,32.4 1 0
github.com/lemonc7/zest/bind.go:35.2,35.49 1 1
github.com/lemonc7/zest/bind.go:35.49,37.3 1 1
github.com/lemonc7/zest/bind.go:39.2,39.39 1 1
github.com/lemonc7/zest/bind.go:39.39,41.3 1 1
github.com/lemonc7/zest/bind.go:43.2,43.12 1 1
github.com/lemonc7/zest/bind.go:60.61,63.29 3 1
github.com/lemonc7/zest/bind.go:63.29,66.3 2 1
github.com/lemonc7/zest/bind.go:68.2,68.60 1 1
github.com/lemonc7/zest/bind.go:68.60,70.3 1 0
github.com/lemonc7/zest/bind.go:71.2,71.12 1 1
github.com/lemonc7/zest/bind.go:75.62,76.69 1 1
github.com/lemonc7/zest/bind.go:76.69,78.3 1 0
github.com/lemonc7/zest/bind.go:79.2,79.12 1 1
github.com/lemonc7/zest/bind.go:83.61,84.28 1 1
github.com/lemonc7/zest/bind.go:84.28,86.3 1 1
github.com/lemonc7/zest/bind.go:87.2,90.19 3 1
github.com/lemonc7/zest/bind.go:91.27,92.62 1 1
github.com/lemonc7/zest/bind.go:92.62,94.4 1 0
github.com/lemonc7/zest/bind.go:95.39,96.61 1 1
github.com/lemonc7/zest/bind.go:96.61,98.4 1 0
github.com/lemonc7/zest/bind.go:99.27,101.17 2 1
github.com/lemonc7/zest/bind.go:101.17,103.4 1 0
github.com/lemonc7/zest/bind.go:104.3,104.59 1 1
github.com/lemonc7/zest/bind.go:104.59,106.4 1 0
github.com/lemonc7/zest/bind.go:107.25,108.62 1 1
github.com/lemonc7/zest/bind.go:108.62,110.4 1 0
github.com/lemonc7/zest/bind.go:111.3,112.73 2 1
github.com/lemonc7/zest/bind.go:112.73,114.4 1 0
github.com/lemonc7/zest/bind.go:115.10,116.55 1 1
github.com/lemonc7/zest/bind.go:118.2,118.12 1 1
github.com/lemonc7/zest/bind.go:121.49,124.32 3 1
github.com/lemonc7/zest/bind.go:124.32,126.3 1 1
github.com/lemonc7/zest/bind.go:127.2,127.15 1 1
github.com/lemonc7/zest/bind.go:136.9,137.59 1 1
github.com/lemonc7/zest/bind.go:137.59,139.3 1 1
github.com/lemonc7/zest/bind.go:140.2,150.69 4 1
github.com/lemonc7/zest/bind.go:150.69,155.65 5 1
github.com/lemonc7/zest/bind.go:155.65,157.4 1 0
github.com/lemonc7/zest/bind.go:158.3,158.18 1 1
github.com/lemonc7/zest/bind.go:158.18,160.4 1 0
github.com/lemonc7/zest/bind.go:161.3,161.26 1 1
github.com/lemonc7/zest/bind.go:161.26,162.20 1 1
github.com/lemonc7/zest/bind.go:162.20,164.5 1 1
github.com/lemonc7/zest/bind.go:164.10,164.30 1 0
github.com/lemonc7/zest/bind.go:164.30,168.5 1 0
github.com/lemonc7/zest/bind.go:168.10,170.5 1 0
github.com/lemonc7/zest/bind.go:172.3,172.13 1 1
github.com/lemonc7/zest/bind.go:176.2,176.34 1 1
github.com/lemonc7/zest/bind.go:176.34,177.58 1 0
github.com/lemonc7/zest/bind.go:177.58,180.4 1 0
github.com/lemonc7/zest/bind.go:181.3,181.56 1 0
github.com/lemonc7/zest/bind.go:184.2,184.32 1 1
github.com/lemonc7/zest/bind.go:184.32,187.26 3 1
github.com/lemonc7/zest/bind.go:187.26,188.45 1 0
github.com/lemonc7/zest/bind.go:188.45,190.5 1 0
github.com/lemonc7/zest/bind.go:192.3,192.28 1 1
github.com/lemonc7/zest/bind.go:192.28,193.12 1 0
github.com/lemonc7/zest/bind.go:195.3,197.87 3 1
github.com/lemonc7/zest/bind.go:197.87,200.4 1 0
github.com/lemonc7/zest/bind.go:202.3,202.27 1 1
github.com/lemonc7/zest/bind.go:202.27,205.139 1 1
github.com/lemonc7/zest/bind.go:205.139,206.90 1 0
github.com/lemonc7/zest/bind.go:206.90,208.6 1 0
github.com/lemonc7/zest/bind.go:211.4,211.12 1 1
github.com/lemonc7/zest/bind.go:214.3,214.15 1 1
github.com/lemonc7/zest/bind.go:214.15,215.71 1 1
github.com/lemonc7/zest/bind.go:215.71,217.5 1 0
github.com/lemonc7/zest/bind.go:217.10,217.17 1 1
github.com/lemonc7/zest/bind.go:217.17,218.86 1 1
github.com/lemonc7/zest/bind.go:218.86,219.14 1 1
github.com/lemonc7/zest/bind.go:224.3,225.14 2 1
github.com/lemonc7/zest/bind.go:225.14,230.27 1 1
github.com/lemonc7/zest/bind.go:230.27,231.45 1 1
github.com/lemonc7/zest/bind.go:231.45,234.11 3 1
github.com/lemonc7/zest/bind.go:239.3,239.14 1 1
github.com/lemonc7/zest/bind.go:239.14,240.12 1 0
github.com/lemonc7/zest/bind.go:247.3,247.92 1 1
github.com/lemonc7/zest/bind.go:247.92,248.18 1 0
github.com/lemonc7/zest/bind.go:248.18,250.5 1 0
github.com/lemonc7/zest/bind.go:251.4,251.12 1 0
github.com/lemonc7/zest/bind.go:254.3,254.94 1 1
github.com/lemonc7/zest/bind.go:254.94,255.18 1 0
github.com/lemonc7/zest/bind.go:255.18,257.5 1 0
github.com/lemonc7/zest/bind.go:258.4,258.12 1 0
github.com/lemonc7/zest/bind.go:263.3,263.41 1 1
github.com/lemonc7/zest/bind.go:263.41,266.4 2 0
github.com/lemonc7/zest/bind.go:268.3,268.39 1 1
github.com/lemonc7/zest/bind.go:268.39,272.28 4 0
github.com/lemonc7/zest/bind.go:272.28,273.85 1 0
github.com/lemonc7/zest/bind.go:273.85,275.6 1 0
github.com/lemonc7/zest/bind.go:277.4,278.12 2 0
github.com/lemonc7/zest/bind.go:281.3,281.88 1 1
github.com/lemonc7/zest/bind.go:281.88,283.4 1 0
github.com/lemonc7/zest/bind.go:285.2,285.12 1 1
github.com/lemonc7/zest/bind.go:288.61,289.15 1 1
github.com/lemonc7/zest/bind.go:292.39,293.19 1 1
github.com/lemonc7/zest/bind.go:294.31,295.108 1 0
github.com/lemonc7/zest/bind.go:296.10,297.20 1 0
github.com/lemonc7/zest/bind.go:305.8,307.27 2 1
github.com/lemonc7/zest/bind.go:307.27,309.3 1 0
github.com/lemonc7/zest/bind.go:311.2,312.28 2 1
github.com/lemonc7/zest/bind.go:313.43,314.48 1 1
github.com/lemonc7/zest/bind.go:315.36,317.42 2 0
github.com/lemonc7/zest/bind.go:317.42,319.4 1 0
github.com/lemonc7/zest/bind.go:320.3,320.44 1 0
github.com/lemonc7/zest/bind.go:321.38,322.51 1 1
github.com/lemonc7/zest/bind.go:323.10,324.17 1 0
github.com/lemonc7/zest/bind.go:326.2,326.15 1 1
github.com/lemonc7/zest/bind.go:329.105,330.34 1 1
github.com/lemonc7/zest/bind.go:330.34,331.20 1 0
github.com/lemonc7/zest/bind.go:331.20,333.4 1 0
github.com/lemonc7/zest/bind.go:334.3,334.23 1 0
github.com/lemonc7/zest/bind.go:337.2,339.9 3 1
github.com/lemonc7/zest/bind.go:339.9,341.3 1 1
github.com/lemonc7/zest/bind.go:342.2,342.50 1 0
github.com/lemonc7/zest/bind.go:345.99,346.34 1 1
github.com/lemonc7/zest/bind.go:346.34,347.20 1 0
github.com/lemonc7/zest/bind.go:347.20,349.4 1 0
github.com/lemonc7/zest/bind.go:350.3,350.23 1 0
github.com/lemonc7/zest/bind.go:353.2,354.43 2 1
github.com/lemonc7/zest/bind.go:355.55,356.47 1 0
github.com/lemonc7/zest/bind.go:357.32,358.54 1 0
github.com/lemonc7/zest/bind.go:361.2,361.19 1 1
github.com/lemonc7/zest/bind.go:364.93,366.71 1 1
github.com/lemonc7/zest/bind.go:366.71,368.3 1 0
github.com/lemonc7/zest/bind.go:370.2,370.19 1 1
github.com/lemonc7/zest/bind.go:371.23,372.79 1 0
github.com/lemonc7/zest/bind.go:373.19,374.42 1 1
github.com/lemonc7/zest/bind.go:375.20,376.42 1 0
github.com/lemonc7/zest/bind.go:377.21,378.43 1 0
github.com/lemonc7/zest/bind.go:379.21,380.43 1 0
github.com/lemonc7/zest/bind.go:381.21,382.43 1 0
github.com/lemonc7/zest/bind.go:383.20,384.43 1 1
github.com/lemonc7/zest/bind.go:385.21,386.43 1 1
github.com/lemonc7/zest/bind.go:387.22,388.44 1 0
github.com/lemonc7/zest/bind.go:389.22,390.44 1 0
github.com/lemonc7/zest/bind.go:391.22,392.44 1 0
github.com/lemonc7/zest/bind.go:393.20,394.40 1 1
github.com/lemonc7/zest/bind.go:395.23,396.45 1 0
github.com/lemonc7/zest/bind.go:397.23,398.45 1 1
github.com/lemonc7/zest/bind.go:399.22,400.29 1 1
github.com/lemonc7/zest/bind.go:401.10,402.36 1 0
github.com/lemonc7/zest/bind.go:404.2,404.12 1 1
github.com/lemonc7/zest/bind.go:407.72,408.17 1 1
github.com/lemonc7/zest/bind.go:408.17,410.3 1 0
github.com/lemonc7/zest/bind.go:411.2,412.16 2 1
github.com/lemonc7/zest/bind.go:412.16,414.3 1 1
github.com/lemonc7/zest/bind.go:415.2,415.12 1 1
github.com/lemonc7/zest/bind.go:418.73,419.17 1 1
github.com/lemonc7/zest/bind.go:419.17,421.3 1 0
github.com/lemonc7/zest/bind.go:422.2,423.16 2 1
github.com/lemonc7/zest/bind.go:423.16,425.3 1 1
github.com/lemonc7/zest/bind.go:426.2,426.12 1 1
github.com/lemonc7/zest/bind.go:429.60,430.17 1 1
github.com/lemonc7/zest/bind.go:430.17,432.3 1 0
github.com/lemonc7/zest/bind.go:433.2,434.16 2 1
github.com/lemonc7/zest/bind.go:434.16,436.3 1 1
github.com/lemonc7/zest/bind.go:437.2,437.12 1 1
github.com/lemonc7/zest/bind.go:440.74,441.17 1 1
github.com/lemonc7/zest/bind.go:441.17,443.3 1 0
github.com/lemonc7/zest/bind.go:444.2,445.16 2 1
github.com/lemonc7/zest/bind.go:445.16,447.3 1 1
github.com/lemonc7/zest/bind.go:448.2,448.12 1 1
github.com/lemonc7/zest/bind.go:451.54,452.75 1 1
github.com/lemonc7/zest/bind.go:452.75,453.61 1 0
github.com/lemonc7/zest/bind.go:453.61,455.4 1 0
github.com/lemonc7/zest/bind.go:456.8,457.39 1 1
github.com/lemonc7/zest/bind.go:457.39,459.4 1 0
github.com/lemonc7/zest/bind.go:461.2,461.20 1 1
github.com/lemonc7/zest/context.go:32.42,33.17 1 1
github.com/lemonc7/zest/context.go:33.17,35.3 1 1
github.com/lemonc7/zest/context.go:36.2,38.20 3 1
github.com/lemonc7/zest/context.go:41.49,42.18 1 1
github.com/lemonc7/zest/context.go:42.18,43.20 1 1
github.com/lemonc7/zest/context.go:43.20,45.4 1 1
github.com/lemonc7/zest/context.go:46.3,46.26 1 1
github.com/lemonc7/zest/context.go:48.2,50.15 3 1
github.com/lemonc7/zest/context.go:53.55,54.18 1 1
github.com/lemonc7/zest/context.go:54.18,55.20 1 1
github.com/lemonc7/zest/context.go:55.20,57.4 1 1
github.com/lemonc7/zest/context.go:58.3,58.26 1 1
github.com/lemonc7/zest/context.go:60.2,62.15 3 1
github.com/lemonc7/zest/context.go:65.66,69.2 3 1
github.com/lemonc7/zest/context.go:71.65,79.14 6 1
github.com/lemonc7/zest/context.go:79.14,82.3 2 1
github.com/lemonc7/zest/context.go:82.8,85.3 2 1
github.com/lemonc7/zest/context.go:87.2,89.14 2 1
github.com/lemonc7/zest/context.go:93.64,96.14 3 1
github.com/lemonc7/zest/context.go:96.14,99.3 2 1
github.com/lemonc7/zest/context.go:102.45,104.2 1 1
github.com/lemonc7/zest/context.go:108.36,109.47 1 1
github.com/lemonc7/zest/context.go:109.47,111.3 1 1
github.com/lemonc7/zest/context.go:115.44,117.2 1 1
github.com/lemonc7/zest/context.go:120.44,122.2 1 1
github.com/lemonc7/zest/context.go:125.61,127.2 1 1
github.com/lemonc7/zest/context.go:130.50,132.2 1 1
github.com/lemonc7/zest/context.go:135.49,137.2 1 1
github.com/lemonc7/zest/context.go:140.72,143.2 2 1
github.com/lemonc7/zest/context.go:146.60,149.2 2 1
github.com/lemonc7/zest/context.go:151.45,153.2 1 1
github.com/lemonc7/zest/context.go:155.55,157.2 1 1
github.com/lemonc7/zest/context.go:160.40,162.2 1 1
github.com/lemonc7/zest/context.go:165.56,167.2 1 1
github.com/lemonc7/zest/context.go:169.52,173.2 3 1
github.com/lemonc7/zest/context.go:175.54,180.2 4 1
github.com/lemonc7/zest/context.go:182.55,187.2 4 1
github.com/lemonc7/zest/context.go:189.44,190.20 1 1
github.com/lemonc7/zest/context.go:190.20,192.3 1 1
github.com/lemonc7/zest/context.go:193.2,193.20 1 1
github.com/lemonc7/zest/context.go:196.39,198.2 1 1
github.com/lemonc7/zest/context.go:200.37,203.2 2 1
github.com/lemonc7/zest/context.go:205.58,206.34 1 1
github.com/lemonc7/zest/context.go:206.34,208.3 1 1
github.com/lemonc7/zest/context.go:209.2,211.12 3 1
github.com/lemonc7/zest/context.go:215.37,221.55 2 1
github.com/lemonc7/zest/context.go:221.55,223.3 1 1
github.com/lemonc7/zest/context.go:224.2,228.20 2 1
github.com/lemonc7/zest/context.go:228.20,230.3 1 1
github.com/lemonc7/zest/context.go:231.2,231.20 1 1
github.com/lemonc7/zest/context.go:231.20,233.3 1 1
github.com/lemonc7/zest/context.go:238.2,238.90 1 1
github.com/lemonc7/zest/context.go:238.90,240.3 1 1
github.com/lemonc7/zest/context.go:242.2,242.11 1 1
github.com/lemonc7/zest/context.go:246.41,253.2 1 1
github.com/lemonc7/zest/context.go:256.56,263.2 2 1
github.com/lemonc7/zest/error.go:13.51,15.28 1 1
github.com/lemonc7/zest/error.go:15.28,17.3 1 1
github.com/lemonc7/zest/error.go:19.2,21.36 3 1
github.com/lemonc7/zest/error.go:21.36,24.3 2 1
github.com/lemonc7/zest/error.go:24.8,27.3 2 1
github.com/lemonc7/zest/error.go:30.2,30.41 1 1
github.com/lemonc7/zest/error.go:30.41,33.3 2 1
github.com/lemonc7/zest/error.go:36.2,36.38 1 1
github.com/lemonc7/zest/error.go:39.59,40.23 1 1
github.com/lemonc7/zest/error.go:40.23,42.3 1 1
github.com/lemonc7/zest/error.go:43.2,43.52 1 1
github.com/lemonc7/zest/error.go:46.36,47.21 1 1
github.com/lemonc7/zest/error.go:47.21,49.3 1 1
github.com/lemonc7/zest/error.go:50.2,50.18 1 1
github.com/lemonc7/zest/error.go:53.48,56.2 2 1
github.com/lemonc7/zest/error.go:58.36,60.2 1 1
github.com/lemonc7/zest/group.go:15.99,23.2 3 1
github.com/lemonc7/zest/group.go:25.46,26.18 1 1
github.com/lemonc7/zest/group.go:26.18,28.3 1 1
github.com/lemonc7/zest/group.go:29.2,29.19 1 1
github.com/lemonc7/zest/group.go:29.19,31.3 1 1
github.com/lemonc7/zest/group.go:33.2,34.14 2 1
github.com/lemonc7/zest/group.go:38.68,44.2 1 1
github.com/lemonc7/zest/group.go:47.44,49.2 1 1
github.com/lemonc7/zest/group.go:52.81,54.2 1 1
github.com/lemonc7/zest/group.go:56.82,58.2 1 1
github.com/lemonc7/zest/group.go:60.81,62.2 1 1
github.com/lemonc7/zest/group.go:64.83,66.2 1 1
github.com/lemonc7/zest/group.go:68.84,70.2 1 1
github.com/lemonc7/zest/group.go:73.45,77.2 2 1
github.com/lemonc7/zest/group.go:79.85,81.2 1 1
github.com/lemonc7/zest/zest.go:28.18,33.26 2 1
github.com/lemonc7/zest/zest.go:33.26,35.3 1 1
github.com/lemonc7/zest/zest.go:39.2,39.69 1 1
github.com/lemonc7/zest/zest.go:39.69,45.3 3 1
github.com/lemonc7/zest/zest.go:47.2,47.10 1 1
github.com/lemonc7/zest/zest.go:50.66,60.37 7 1
github.com/lemonc7/zest/zest.go:60.37,63.3 2 1
github.com/lemonc7/zest/zest.go:66.2,69.34 2 1
github.com/lemonc7/zest/zest.go:69.34,71.3 1 0
github.com/lemonc7/zest/zest.go:74.98,80.71 3 1
github.com/lemonc7/zest/zest.go:80.71,85.41 3 1
github.com/lemonc7/zest/zest.go:85.41,87.4 1 1
github.com/lemonc7/zest/zest.go:91.80,93.2 1 1
github.com/lemonc7/zest/zest.go:95.81,97.2 1 1
github.com/lemonc7/zest/zest.go:99.80,101.2 1 1
github.com/lemonc7/zest/zest.go:103.82,105.2 1 1
github.com/lemonc7/zest/zest.go:107.83,109.2 1 1
github.com/lemonc7/zest/zest.go:111.84,113.2 1 1
github.com/lemonc7/zest/zest.go:115.81,117.2 1 1
github.com/lemonc7/zest/zest.go:119.39,122.2 2 0
github.com/lemonc7/zest/zest.go:124.43,126.2 1 1
github.com/lemonc7/zest/zest.go:129.67,135.2 1 1
github.com/lemonc7/zest/zest.go:139.44,140.18 1 1
github.com/lemonc7/zest/zest.go:140.18,142.3 1 0
github.com/lemonc7/zest/zest.go:144.2,144.37 1 1
github.com/lemonc7/zest/zest.go:144.37,146.3 1 0
github.com/lemonc7/zest/zest.go:148.2,148.37 1 1
github.com/lemonc7/zest/zest.go:148.37,150.3 1 1
github.com/lemonc7/zest/zest.go:152.2,155.40 3 1
github.com/lemonc7/zest/zest.go:155.40,158.3 2 1
github.com/lemonc7/zest/zest.go:159.2,160.41 2 1
github.com/lemonc7/zest/zest.go:163.66,164.37 1 1
github.com/lemonc7/zest/zest.go:164.37,166.3 1 1
github.com/lemonc7/zest/zest.go:167.2,167.16 1 1
github.com/lemonc7/zest/middleware/cors.go:51.53,54.21 2 1
github.com/lemonc7/zest/middleware/cors.go:54.21,62.36 2 1
github.com/lemonc7/zest/middleware/cors.go:62.36,64.4 1 1
github.com/lemonc7/zest/middleware/cors.go:65.3,65.37 1 1
github.com/lemonc7/zest/middleware/cors.go:65.37,67.4 1 1
github.com/lemonc7/zest/middleware/cors.go:68.3,68.36 1 1
github.com/lemonc7/zest/middleware/cors.go:68.36,70.4 1 0
github.com/lemonc7/zest/middleware/cors.go:71.3,71.36 1 1
github.com/lemonc7/zest/middleware/cors.go:71.36,73.4 1 0
github.com/lemonc7/zest/middleware/cors.go:74.3,74.37 1 1
github.com/lemonc7/zest/middleware/cors.go:74.37,76.4 1 1
github.com/lemonc7/zest/middleware/cors.go:80.3,81.25 2 1
github.com/lemonc7/zest/middleware/cors.go:81.25,83.4 1 1
github.com/lemonc7/zest/middleware/cors.go:86.2,91.54 5 1
github.com/lemonc7/zest/middleware/cors.go:91.54,92.38 1 1
github.com/lemonc7/zest/middleware/cors.go:92.38,96.20 2 1
github.com/lemonc7/zest/middleware/cors.go:96.20,98.5 1 1
github.com/lemonc7/zest/middleware/cors.go:101.4,103.34 2 1
github.com/lemonc7/zest/middleware/cors.go:103.34,104.36 1 1
github.com/lemonc7/zest/middleware/cors.go:104.36,106.6 1 1
github.com/lemonc7/zest/middleware/cors.go:107.10,108.40 1 1
github.com/lemonc7/zest/middleware/cors.go:108.40,109.33 1 1
github.com/lemonc7/zest/middleware/cors.go:109.33,110.43 1 1
github.com/lemonc7/zest/middleware/cors.go:110.43,112.8 1 1
github.com/lemonc7/zest/middleware/cors.go:112.13,114.8 1 1
github.com/lemonc7/zest/middleware/cors.go:115.7,115.12 1 1
github.com/lemonc7/zest/middleware/cors.go:120.4,120.25 1 1
github.com/lemonc7/zest/middleware/cors.go:120.25,126.5 1 1
github.com/lemonc7/zest/middleware/cors.go:129.4,131.63 2 1
github.com/lemonc7/zest/middleware/cors.go:131.63,133.5 1 1
github.com/lemonc7/zest/middleware/cors.go:135.4,135.28 1 1
github.com/lemonc7/zest/middleware/cors.go:135.28,137.5 1 1
github.com/lemonc7/zest/middleware/cors.go:138.4,138.20 1 1
github.com/lemonc7/zest/middleware/cors.go:138.20,140.5 1 1
github.com/lemonc7/zest/middleware/cors.go:143.4,143.46 1 1
github.com/lemonc7/zest/middleware/cors.go:143.46,146.23 3 1
github.com/lemonc7/zest/middleware/cors.go:146.23,148.6 1 1
github.com/lemonc7/zest/middleware/cors.go:149.5,149.25 1 1
github.com/lemonc7/zest/middleware/cors.go:152.4,152.18 1 1
github.com/lemonc7/zest/middleware/jwt.go:19.76,20.37 1 1
github.com/lemonc7/zest/middleware/jwt.go:20.37,20.53 1 1
github.com/lemonc7/zest/middleware/jwt.go:21.2,21.43 1 1
github.com/lemonc7/zest/middleware/jwt.go:21.43,23.3 1 1
github.com/lemonc7/zest/middleware/jwt.go:25.2,25.54 1 1
github.com/lemonc7/zest/middleware/jwt.go:25.54,26.38 1 1
github.com/lemonc7/zest/middleware/jwt.go:26.38,28.15 1 1
github.com/lemonc7/zest/middleware/jwt.go:28.15,30.5 1 1
github.com/lemonc7/zest/middleware/jwt.go:32.4,33.24 2 1
github.com/lemonc7/zest/middleware/jwt.go:33.24,35.5 1 1
github.com/lemonc7/zest/middleware/jwt.go:37.4,38.47 2 1
github.com/lemonc7/zest/middleware/jwt.go:38.47,40.5 1 1
github.com/lemonc7/zest/middleware/jwt.go:42.4,44.18 3 1
github.com/lemonc7/zest/middleware/jwt.go:44.18,46.5 1 1
github.com/lemonc7/zest/middleware/jwt.go:49.4,49.29 1 1
github.com/lemonc7/zest/middleware/jwt.go:49.29,51.5 1 1
github.com/lemonc7/zest/middleware/jwt.go:53.4,53.18 1 1
github.com/lemonc7/zest/middleware/logger.go:63.49,68.27 3 1
github.com/lemonc7/zest/middleware/logger.go:68.27,72.3 3 1
github.com/lemonc7/zest/middleware/logger.go:75.2,91.34 11 1
github.com/lemonc7/zest/middleware/logger.go:91.34,93.3 1 1
github.com/lemonc7/zest/middleware/logger.go:94.2,113.24 10 1
github.com/lemonc7/zest/middleware/logger.go:113.24,119.3 5 1
github.com/lemonc7/zest/middleware/logger.go:121.2,122.19 2 1
github.com/lemonc7/zest/middleware/logger.go:125.34,128.38 3 1
github.com/lemonc7/zest/middleware/logger.go:128.38,131.3 2 1
github.com/lemonc7/zest/middleware/logger.go:132.2,132.12 1 1
github.com/lemonc7/zest/middleware/logger.go:132.12,134.3 1 1
github.com/lemonc7/zest/middleware/logger.go:135.2,135.47 1 1
github.com/lemonc7/zest/middleware/logger.go:138.44,139.9 1 1
github.com/lemonc7/zest/middleware/logger.go:140.24,141.46 1 1
github.com/lemonc7/zest/middleware/logger.go:142.29,143.50 1 1
github.com/lemonc7/zest/middleware/logger.go:144.10,145.51 1 1
github.com/lemonc7/zest/middleware/logger.go:150.57,155.21 2 1
github.com/lemonc7/zest/middleware/logger.go:155.21,157.26 2 1
github.com/lemonc7/zest/middleware/logger.go:157.26,159.4 1 1
github.com/lemonc7/zest/middleware/logger.go:160.3,160.31 1 1
github.com/lemonc7/zest/middleware/logger.go:160.31,162.4 1 1
github.com/lemonc7/zest/middleware/logger.go:163.3,163.28 1 1
github.com/lemonc7/zest/middleware/logger.go:163.28,165.4 1 1
github.com/lemonc7/zest/middleware/logger.go:166.3,166.23 1 1
github.com/lemonc7/zest/middleware/logger.go:166.23,168.4 1 1
github.com/lemonc7/zest/middleware/logger.go:172.2,175.54 2 1
github.com/lemonc7/zest/middleware/logger.go:175.54,176.38 1 1
github.com/lemonc7/zest/middleware/logger.go:176.38,177.38 1 1
github.com/lemonc7/zest/middleware/logger.go:177.38,179.5 1 1
github.com/lemonc7/zest/middleware/logger.go:182.4,193.18 5 1
github.com/lemonc7/zest/middleware/logger.go:193.18,195.5 1 1
github.com/lemonc7/zest/middleware/logger.go:198.4,198.17 1 1
github.com/lemonc7/zest/middleware/logger.go:198.17,200.5 1 0
github.com/lemonc7/zest/middleware/logger.go:204.4,205.41 2 1
github.com/lemonc7/zest/middleware/logger.go:205.41,206.33 1 1
github.com/lemonc7/zest/middleware/logger.go:206.33,208.6 1 1
github.com/lemonc7/zest/middleware/logger.go:212.4,213.79 2 1
github.com/lemonc7/zest/middleware/logger.go:213.79,215.5 1 0
github.com/lemonc7/zest/middleware/logger.go:215.10,217.5 1 1
github.com/lemonc7/zest/middleware/logger.go:219.4,238.14 4 1
github.com/lemonc7/zest/middleware/logger.go:243.38,244.9 1 1
github.com/lemonc7/zest/middleware/logger.go:245.33,246.15 1 1
github.com/lemonc7/zest/middleware/logger.go:247.33,248.16 1 1
github.com/lemonc7/zest/middleware/logger.go:249.10,250.13 1 1
github.com/lemonc7/zest/middleware/logger.go:254.43,255.16 1 1
github.com/lemonc7/zest/middleware/logger.go:256.13,257.14 1 1
github.com/lemonc7/zest/middleware/logger.go:258.14,259.15 1 1
github.com/lemonc7/zest/middleware/logger.go:260.13,261.16 1 1
github.com/lemonc7/zest/middleware/logger.go:262.16,263.13 1 1
github.com/lemonc7/zest/middleware/logger.go:264.15,265.17 1 1
github.com/lemonc7/zest/middleware/logger.go:266.14,267.14 1 1
github.com/lemonc7/zest/middleware/logger.go:268.10,269.15 1 1
github.com/lemonc7/zest/middleware/logger.go:274.38,275.9 1 1
github.com/lemonc7/zest/middleware/logger.go:276.33,277.16 1 1
github.com/lemonc7/zest/middleware/logger.go:278.33,279.16 1 1
github.com/lemonc7/zest/middleware/logger.go:280.33,281.16 1 1
github.com/lemonc7/zest/middleware/logger.go:282.10,283.16 1 1
github.com/lemonc7/zest/middleware/logger.go:287.51,289.16 2 1
github.com/lemonc7/zest/middleware/logger.go:289.16,291.3 1 1
github.com/lemonc7/zest/middleware/logger.go:292.2,292.12 1 1
github.com/lemonc7/zest/middleware/recovery.go:31.61,33.21 2 1
github.com/lemonc7/zest/middleware/recovery.go:33.21,35.23 2 1
github.com/lemonc7/zest/middleware/recovery.go:35.23,37.4 1 0
github.com/lemonc7/zest/middleware/recovery.go:38.3,38.29 1 1
github.com/lemonc7/zest/middleware/recovery.go:38.29,40.4 1 1
github.com/lemonc7/zest/middleware/recovery.go:43.2,43.54 1 1
github.com/lemonc7/zest/middleware/recovery.go:43.54,44.44 1 1
github.com/lemonc7/zest/middleware/recovery.go:44.44,46.17 1 1
github.com/lemonc7/zest/middleware/recovery.go:46.17,47.33 1 1
github.com/lemonc7/zest/middleware/recovery.go:47.33,50.36 2 1
github.com/lemonc7/zest/middleware/recovery.go:50.36,53.61 2 1
github.com/lemonc7/zest/middleware/recovery.go:53.61,55.8 1 1
github.com/lemonc7/zest/middleware/recovery.go:61.6,61.21 1 1
github.com/lemonc7/zest/middleware/recovery.go:61.21,65.7 2 1
github.com/lemonc7/zest/middleware/recovery.go:68.6,68.20 1 1
github.com/lemonc7/zest/middleware/recovery.go:68.20,72.7 2 1
github.com/lemonc7/zest/middleware/recovery.go:78.6,78.83 1 1
github.com/lemonc7/zest/middleware/recovery.go:86.4,86.18 1 1
github.com/lemonc7/zest/middleware/recovery.go:97.29,102.6 5 1
github.com/lemonc7/zest/middleware/recovery.go:102.6,105.12 3 1
github.com/lemonc7/zest/middleware/recovery.go:105.12,106.9 1 1
github.com/lemonc7/zest/middleware/recovery.go:109.2,109.19 1 1
github.com/lemonc7/zest/middleware/request_id.go:22.27,26.3 3 1
github.com/lemonc7/zest/middleware/request_id.go:30.63,32.21 2 1
github.com/lemonc7/zest/middleware/request_id.go:32.21,34.23 2 1
github.com/lemonc7/zest/middleware/request_id.go:34.23,36.4 1 1
github.com/lemonc7/zest/middleware/request_id.go:37.3,37.27 1 1
github.com/lemonc7/zest/middleware/request_id.go:37.27,39.4 1 1
github.com/lemonc7/zest/middleware/request_id.go:42.2,42.54 1 1
github.com/lemonc7/zest/middleware/request_id.go:42.54,43.38 1 1
github.com/lemonc7/zest/middleware/request_id.go:43.38,46.17 2 1
github.com/lemonc7/zest/middleware/request_id.go:46.17,48.5 1 1
github.com/lemonc7/zest/middleware/request_id.go:51.4,58.18 5 1
github.com/lemonc7/zest/middleware/static.go:72.54,74.23 1 1
github.com/lemonc7/zest/middleware/static.go:74.23,76.3 1 1
github.com/lemonc7/zest/middleware/static.go:77.2,77.24 1 1
github.com/lemonc7/zest/middleware/static.go:77.24,79.3 1 1
github.com/lemonc7/zest/middleware/static.go:80.2,80.30 1 1
github.com/lemonc7/zest/middleware/static.go:80.30,83.3 2 1
github.com/lemonc7/zest/middleware/static.go:86.2,87.17 2 1
github.com/lemonc7/zest/middleware/static.go:87.17,88.72 1 0
github.com/lemonc7/zest/middleware/static.go:91.2,91.54 1 1
github.com/lemonc7/zest/middleware/static.go:91.54,92.38 1 1
github.com/lemonc7/zest/middleware/static.go:92.38,93.81 1 1
github.com/lemonc7/zest/middleware/static.go:93.81,95.5 1 1
github.com/lemonc7/zest/middleware/static.go:98.4,100.18 3 1
github.com/lemonc7/zest/middleware/static.go:100.18,102.5 1 0
github.com/lemonc7/zest/middleware/static.go:105.4,108.18 3 1
github.com/lemonc7/zest/middleware/static.go:108.18,110.35 1 1
github.com/lemonc7/zest/middleware/static.go:110.35,112.6 1 0
github.com/lemonc7/zest/middleware/static.go:116.5,117.104 2 1
github.com/lemonc7/zest/middleware/static.go:117.104,119.20 2 1
github.com/lemonc7/zest/middleware/static.go:119.20,122.7 1 1
github.com/lemonc7/zest/middleware/static.go:123.11,125.6 1 1
github.com/lemonc7/zest/middleware/static.go:127.4,130.18 3 1
github.com/lemonc7/zest/middleware/static.go:130.18,132.5 1 0
github.com/lemonc7/zest/middleware/static.go:134.4,134.20 1 1
github.com/lemonc7/zest/middleware/static.go:134.20,138.19 3 1
github.com/lemonc7/zest/middleware/static.go:138.19,140.56 2 1
github.com/lemonc7/zest/middleware/static.go:140.56,143.7 2 1
github.com/lemonc7/zest/middleware/static.go:147.5,147.22 1 1
github.com/lemonc7/zest/middleware/static.go:147.22,149.6 1 1
github.com/lemonc7/zest/middleware/static.go:150.5,150.19 1 1
github.com/lemonc7/zest/middleware/static.go:153.4,154.14 2 1
github.com/lemonc7/zest/middleware/static.go:159.87,161.16 2 1
github.com/lemonc7/zest/middleware/static.go:161.16,163.3 1 0
github.com/lemonc7/zest/middleware/static.go:165.2,175.26 4 1
github.com/lemonc7/zest/middleware/static.go:175.26,185.3 1 1
github.com/lemonc7/zest/middleware/static.go:186.2,186.38 1 1
